[1,4,5,8,9,12,12,12,23,30,39,43,53,56,94,123,239,9423]
