4.141590 + 2.250000 i
1.891590 + 4.391590 i
0.500000 + -0.500000 i
-1.000000 + -1.000000 i
1.000000 + -1.000000 i
