 'tree', 'eert' -> 0
 'abracadabra', 'caadrbabaar' -> 0
 'seesaw', 'ewaess' -> 0
 'elk', 'kel' -> 0
 'grrrrrr', 'rgrrrrr' -> 5
 'up', 'pu' -> 0
 'a', 'a' -> 1
