NUMBER 1
NUMBER 2
NUMBER 3
NUMBER 4
NUMBER 5
NUMBER 6
NUMBER 7
NUMBER 8
NUMBER 9
NUMBER 10

